---
source: crates/full-node/sov-ledger-apis/tests/integration/main.rs
expression: "&tx"
---
{
  "batch_number": 3,
  "body": "dHg3IGJvZHk=",
  "event_range": {
    "end": 16,
    "start": 14
  },
  "hash": "0x281b9dba10658c86d0c3c267b82b8972b6c7b41285f60ce2054211e69dd89e15",
  "number": 7,
  "receipt": {
    "result": "skipped"
  },
  "type": "tx"
}
