---
source: crates/full-node/sov-ledger-apis/tests/integration/main.rs
expression: "&slot"
---
{
  "batch_range": {
    "end": 2,
    "start": 0
  },
  "finality_status": "finalized",
  "hash": "0x297542c7e17d3a07d8c381ab77b19d1e2df29ab830fe5cb60d75e362fd8f590f",
  "number": 0,
  "state_root": "0x73746174652d726f6f742d30",
  "timestamp": 100000.0,
  "type": "slot"
}
