---
source: crates/full-node/sov-ledger-apis/tests/integration/main.rs
expression: response.data
---
{
  "key": "foo",
  "module": {
    "name": "Bank"
  },
  "number": 0,
  "tx_hash": "0x0101010101010101010101010101010101010101010101010101010101010101",
  "type": "event",
  "value": {
    "token_created": {
      "admins": [],
      "coins": {
        "amount": "0",
        "token_id": "token_1rwrh8gn2py0dl4vv65twgctmlwck6esm2as9dftumcw89kqqn3nqrduss6"
      },
      "mint_to_address": {
        "module": "module_1qqqqqqqqqqqqqqqqqqqqqqqqqqqqqqqqqqqqqqqqqqqqqqqqqqqqn7stmj"
      },
      "minter": {
        "module": "module_1qqqqqqqqqqqqqqqqqqqqqqqqqqqqqqqqqqqqqqqqqqqqqqqqqqqqn7stmj"
      },
      "supply_cap": "340282366920938463463374607431768211455",
      "token_name": "token"
    }
  }
}
