---
source: crates/full-node/sov-ledger-apis/tests/integration/main.rs
expression: "&batch"
---
{
  "hash": "0x7f495a9aeda0fe77bcc6f9ff5586632331e5d6052ea620e291c1a5ae11b73aa9",
  "number": 3,
  "receipt": 3.0,
  "slot_number": 1,
  "tx_range": {
    "end": 266,
    "start": 6
  },
  "type": "batch"
}
