---
source: crates/full-node/sov-ledger-apis/tests/integration/main.rs
expression: "&slot"
---
{
  "batch_range": {
    "end": 4,
    "start": 2
  },
  "finality_status": "pending",
  "hash": "0xef6877158b6e72d971ccf69732380dc1831727a62b0dbba184d4780ca256aeaa",
  "number": 1,
  "state_root": "0x73746174652d726f6f742d31",
  "timestamp": 200000.0,
  "type": "slot"
}
